nohup: ignoring input
11:42:48 [INFO] Recalculo entsoe_data: 2020-01-01 a 2026-08-01
11:42:48 [INFO] Total bloques de 7 dias: 344

11:42:48 [INFO] [1/344] Bloque 2020-01-01 a 2020-01-07...
11:42:57 [INFO] [2/344] Bloque 2020-01-08 a 2020-01-14...
11:43:06 [INFO] [3/344] Bloque 2020-01-15 a 2020-01-21...
11:43:14 [INFO] [4/344] Bloque 2020-01-22 a 2020-01-28...
11:43:22 [INFO] [5/344] Bloque 2020-01-29 a 2020-02-04...
11:43:30 [INFO] [6/344] Bloque 2020-02-05 a 2020-02-11...
11:43:39 [INFO] [7/344] Bloque 2020-02-12 a 2020-02-18...
11:43:47 [INFO] [8/344] Bloque 2020-02-19 a 2020-02-25...
11:43:55 [INFO] [9/344] Bloque 2020-02-26 a 2020-03-03...
11:44:03 [INFO] [10/344] Bloque 2020-03-04 a 2020-03-10...
11:44:12 [INFO] [11/344] Bloque 2020-03-11 a 2020-03-17...
11:44:20 [INFO] [12/344] Bloque 2020-03-18 a 2020-03-24...
11:44:28 [INFO] [13/344] Bloque 2020-03-25 a 2020-03-31...
11:44:35 [INFO] [14/344] Bloque 2020-04-01 a 2020-04-07...
11:44:44 [INFO] [15/344] Bloque 2020-04-08 a 2020-04-14...
11:44:52 [INFO] [16/344] Bloque 2020-04-15 a 2020-04-21...
11:45:00 [INFO] [17/344] Bloque 2020-04-22 a 2020-04-28...
11:45:23 [INFO] [18/344] Bloque 2020-04-29 a 2020-05-05...
11:45:45 [INFO] [19/344] Bloque 2020-05-06 a 2020-05-12...
11:46:05 [INFO] [20/344] Bloque 2020-05-13 a 2020-05-19...
11:46:19 [INFO] [21/344] Bloque 2020-05-20 a 2020-05-26...
11:46:30 [INFO] [22/344] Bloque 2020-05-27 a 2020-06-02...
11:46:41 [INFO] [23/344] Bloque 2020-06-03 a 2020-06-09...
11:46:51 [INFO] [24/344] Bloque 2020-06-10 a 2020-06-16...
11:47:00 [INFO] [25/344] Bloque 2020-06-17 a 2020-06-23...
11:47:12 [INFO] [26/344] Bloque 2020-06-24 a 2020-06-30...
11:47:22 [INFO] [27/344] Bloque 2020-07-01 a 2020-07-07...
11:47:32 [INFO] [28/344] Bloque 2020-07-08 a 2020-07-14...
11:47:40 [INFO] [29/344] Bloque 2020-07-15 a 2020-07-21...
11:47:48 [INFO] [30/344] Bloque 2020-07-22 a 2020-07-28...
11:47:56 [INFO] [31/344] Bloque 2020-07-29 a 2020-08-04...
11:48:04 [INFO] [32/344] Bloque 2020-08-05 a 2020-08-11...
11:48:15 [INFO] [33/344] Bloque 2020-08-12 a 2020-08-18...
11:48:23 [INFO] [34/344] Bloque 2020-08-19 a 2020-08-25...
11:48:31 [INFO] [35/344] Bloque 2020-08-26 a 2020-09-01...
11:48:39 [INFO] [36/344] Bloque 2020-09-02 a 2020-09-08...
11:48:47 [INFO] [37/344] Bloque 2020-09-09 a 2020-09-15...
11:48:56 [INFO] [38/344] Bloque 2020-09-16 a 2020-09-22...
11:49:05 [INFO] [39/344] Bloque 2020-09-23 a 2020-09-29...
11:49:13 [INFO] [40/344] Bloque 2020-09-30 a 2020-10-06...
11:49:21 [INFO] [41/344] Bloque 2020-10-07 a 2020-10-13...
11:49:29 [INFO] [42/344] Bloque 2020-10-14 a 2020-10-20...
11:49:37 [INFO] [43/344] Bloque 2020-10-21 a 2020-10-27...
11:49:46 [INFO] [44/344] Bloque 2020-10-28 a 2020-11-03...
11:49:54 [INFO] [45/344] Bloque 2020-11-04 a 2020-11-10...
11:50:02 [INFO] [46/344] Bloque 2020-11-11 a 2020-11-17...
11:50:17 [INFO] [47/344] Bloque 2020-11-18 a 2020-11-24...
11:50:28 [INFO] [48/344] Bloque 2020-11-25 a 2020-12-01...
11:50:37 [INFO] [49/344] Bloque 2020-12-02 a 2020-12-08...
11:50:46 [INFO] [50/344] Bloque 2020-12-09 a 2020-12-15...
11:50:54 [INFO] [51/344] Bloque 2020-12-16 a 2020-12-22...
11:51:04 [INFO] [52/344] Bloque 2020-12-23 a 2020-12-29...
11:51:12 [INFO] [53/344] Bloque 2020-12-30 a 2021-01-05...
11:51:21 [INFO] [54/344] Bloque 2021-01-06 a 2021-01-12...
11:51:29 [INFO] [55/344] Bloque 2021-01-13 a 2021-01-19...
11:51:37 [INFO] [56/344] Bloque 2021-01-20 a 2021-01-26...
11:51:46 [INFO] [57/344] Bloque 2021-01-27 a 2021-02-02...
11:51:55 [INFO] [58/344] Bloque 2021-02-03 a 2021-02-09...
11:52:04 [INFO] [59/344] Bloque 2021-02-10 a 2021-02-16...
11:52:12 [INFO] [60/344] Bloque 2021-02-17 a 2021-02-23...
11:52:22 [INFO] [61/344] Bloque 2021-02-24 a 2021-03-02...
11:52:31 [INFO] [62/344] Bloque 2021-03-03 a 2021-03-09...
11:52:39 [INFO] [63/344] Bloque 2021-03-10 a 2021-03-16...
11:52:48 [INFO] [64/344] Bloque 2021-03-17 a 2021-03-23...
11:52:56 [INFO] [65/344] Bloque 2021-03-24 a 2021-03-30...
11:53:05 [INFO] [66/344] Bloque 2021-03-31 a 2021-04-06...
11:53:14 [INFO] [67/344] Bloque 2021-04-07 a 2021-04-13...
11:53:22 [INFO] [68/344] Bloque 2021-04-14 a 2021-04-20...
11:53:30 [INFO] [69/344] Bloque 2021-04-21 a 2021-04-27...
11:53:39 [INFO] [70/344] Bloque 2021-04-28 a 2021-05-04...
11:53:47 [INFO] [71/344] Bloque 2021-05-05 a 2021-05-11...
11:53:56 [INFO] [72/344] Bloque 2021-05-12 a 2021-05-18...
11:54:05 [INFO] [73/344] Bloque 2021-05-19 a 2021-05-25...
11:54:13 [INFO] [74/344] Bloque 2021-05-26 a 2021-06-01...
11:54:21 [INFO] [75/344] Bloque 2021-06-02 a 2021-06-08...
11:54:29 [INFO] [76/344] Bloque 2021-06-09 a 2021-06-15...
11:54:38 [INFO] [77/344] Bloque 2021-06-16 a 2021-06-22...
11:54:46 [INFO] [78/344] Bloque 2021-06-23 a 2021-06-29...
11:54:54 [INFO] [79/344] Bloque 2021-06-30 a 2021-07-06...
11:55:09 [INFO] [80/344] Bloque 2021-07-07 a 2021-07-13...
11:55:21 [INFO] [81/344] Bloque 2021-07-14 a 2021-07-20...
11:55:30 [INFO] [82/344] Bloque 2021-07-21 a 2021-07-27...
11:55:38 [INFO] [83/344] Bloque 2021-07-28 a 2021-08-03...
11:55:46 [INFO] [84/344] Bloque 2021-08-04 a 2021-08-10...
11:55:54 [INFO] [85/344] Bloque 2021-08-11 a 2021-08-17...
11:56:03 [INFO] [86/344] Bloque 2021-08-18 a 2021-08-24...
11:56:11 [INFO] [87/344] Bloque 2021-08-25 a 2021-08-31...
11:56:20 [INFO] [88/344] Bloque 2021-09-01 a 2021-09-07...
11:56:28 [INFO] [89/344] Bloque 2021-09-08 a 2021-09-14...
11:56:36 [INFO] [90/344] Bloque 2021-09-15 a 2021-09-21...
11:56:44 [INFO] [91/344] Bloque 2021-09-22 a 2021-09-28...
11:56:52 [INFO] [92/344] Bloque 2021-09-29 a 2021-10-05...
11:57:00 [INFO] [93/344] Bloque 2021-10-06 a 2021-10-12...
11:57:09 [INFO] [94/344] Bloque 2021-10-13 a 2021-10-19...
11:57:17 [INFO] [95/344] Bloque 2021-10-20 a 2021-10-26...
11:57:25 [INFO] [96/344] Bloque 2021-10-27 a 2021-11-02...
11:57:33 [INFO] [97/344] Bloque 2021-11-03 a 2021-11-09...
11:57:42 [INFO] [98/344] Bloque 2021-11-10 a 2021-11-16...
11:57:50 [INFO] [99/344] Bloque 2021-11-17 a 2021-11-23...
11:57:58 [INFO] [100/344] Bloque 2021-11-24 a 2021-11-30...
11:58:07 [INFO] [101/344] Bloque 2021-12-01 a 2021-12-07...
11:58:16 [INFO] [102/344] Bloque 2021-12-08 a 2021-12-14...
11:58:24 [INFO] [103/344] Bloque 2021-12-15 a 2021-12-21...
11:58:33 [INFO] [104/344] Bloque 2021-12-22 a 2021-12-28...
11:58:41 [INFO] [105/344] Bloque 2021-12-29 a 2022-01-04...
11:58:49 [INFO] [106/344] Bloque 2022-01-05 a 2022-01-11...
11:58:57 [INFO] [107/344] Bloque 2022-01-12 a 2022-01-18...
11:59:05 [INFO] [108/344] Bloque 2022-01-19 a 2022-01-25...
11:59:13 [INFO] [109/344] Bloque 2022-01-26 a 2022-02-01...
11:59:21 [INFO] [110/344] Bloque 2022-02-02 a 2022-02-08...
11:59:29 [INFO] [111/344] Bloque 2022-02-09 a 2022-02-15...
11:59:37 [INFO] [112/344] Bloque 2022-02-16 a 2022-02-22...
11:59:45 [INFO] [113/344] Bloque 2022-02-23 a 2022-03-01...
11:59:53 [INFO] [114/344] Bloque 2022-03-02 a 2022-03-08...
12:00:02 [INFO] [115/344] Bloque 2022-03-09 a 2022-03-15...
12:01:12 [WARNING]     flow ES→FR: 503 Server Error: Service Unavailable for url: https://web-api.tp.entsoe.eu/api?documentType=A11&in_Domain=10YFR-RTE------C&out_Domain=10YES-REE------0&securityToken=55b6ec58-ade9-4e87-93c6-0ed45dc33aaf&periodStart=202203082300&periodEnd=202203152300
12:01:17 [WARNING]     flow FR→ES: 503 Server Error: Service Unavailable for url: https://web-api.tp.entsoe.eu/api?documentType=A11&in_Domain=10YES-REE------0&out_Domain=10YFR-RTE------C&securityToken=55b6ec58-ade9-4e87-93c6-0ed45dc33aaf&periodStart=202203082300&periodEnd=202203152300
12:01:35 [INFO] [116/344] Bloque 2022-03-16 a 2022-03-22...
12:01:45 [INFO] [117/344] Bloque 2022-03-23 a 2022-03-29...
12:02:25 [INFO] [118/344] Bloque 2022-03-30 a 2022-04-05...
12:02:56 [INFO] [119/344] Bloque 2022-04-06 a 2022-04-12...
12:03:17 [INFO] [120/344] Bloque 2022-04-13 a 2022-04-19...
12:03:34 [INFO] [121/344] Bloque 2022-04-20 a 2022-04-26...
12:04:01 [INFO] [122/344] Bloque 2022-04-27 a 2022-05-03...
12:04:30 [INFO] [123/344] Bloque 2022-05-04 a 2022-05-10...
12:04:45 [INFO] [124/344] Bloque 2022-05-11 a 2022-05-17...
12:05:05 [INFO] [125/344] Bloque 2022-05-18 a 2022-05-24...
12:05:30 [INFO] [126/344] Bloque 2022-05-25 a 2022-05-31...
12:05:46 [INFO] [127/344] Bloque 2022-06-01 a 2022-06-07...
12:06:14 [INFO] [128/344] Bloque 2022-06-08 a 2022-06-14...
12:06:24 [INFO] [129/344] Bloque 2022-06-15 a 2022-06-21...
12:06:34 [INFO] [130/344] Bloque 2022-06-22 a 2022-06-28...
12:06:50 [INFO] [131/344] Bloque 2022-06-29 a 2022-07-05...
12:07:09 [INFO] [132/344] Bloque 2022-07-06 a 2022-07-12...
12:07:32 [INFO] [133/344] Bloque 2022-07-13 a 2022-07-19...
12:08:03 [INFO] [134/344] Bloque 2022-07-20 a 2022-07-26...
12:08:22 [INFO] [135/344] Bloque 2022-07-27 a 2022-08-02...
12:08:41 [INFO] [136/344] Bloque 2022-08-03 a 2022-08-09...
12:08:53 [INFO] [137/344] Bloque 2022-08-10 a 2022-08-16...
12:09:08 [INFO] [138/344] Bloque 2022-08-17 a 2022-08-23...
12:09:21 [INFO] [139/344] Bloque 2022-08-24 a 2022-08-30...
12:09:32 [INFO] [140/344] Bloque 2022-08-31 a 2022-09-06...
12:09:43 [INFO] [141/344] Bloque 2022-09-07 a 2022-09-13...
12:09:56 [INFO] [142/344] Bloque 2022-09-14 a 2022-09-20...
12:10:10 [INFO] [143/344] Bloque 2022-09-21 a 2022-09-27...
12:10:29 [INFO] [144/344] Bloque 2022-09-28 a 2022-10-04...
12:10:50 [INFO] [145/344] Bloque 2022-10-05 a 2022-10-11...
12:11:03 [INFO] [146/344] Bloque 2022-10-12 a 2022-10-18...
12:11:18 [INFO] [147/344] Bloque 2022-10-19 a 2022-10-25...
12:11:32 [INFO] [148/344] Bloque 2022-10-26 a 2022-11-01...
12:11:43 [INFO] [149/344] Bloque 2022-11-02 a 2022-11-08...
12:11:54 [INFO] [150/344] Bloque 2022-11-09 a 2022-11-15...
12:12:07 [INFO] [151/344] Bloque 2022-11-16 a 2022-11-22...
12:12:19 [INFO] [152/344] Bloque 2022-11-23 a 2022-11-29...
12:12:30 [INFO] [153/344] Bloque 2022-11-30 a 2022-12-06...
12:12:40 [INFO] [154/344] Bloque 2022-12-07 a 2022-12-13...
12:12:52 [INFO] [155/344] Bloque 2022-12-14 a 2022-12-20...
12:13:05 [INFO] [156/344] Bloque 2022-12-21 a 2022-12-27...
12:13:17 [INFO] [157/344] Bloque 2022-12-28 a 2023-01-03...
12:13:30 [INFO] [158/344] Bloque 2023-01-04 a 2023-01-10...
12:13:40 [INFO] [159/344] Bloque 2023-01-11 a 2023-01-17...
12:13:51 [INFO] [160/344] Bloque 2023-01-18 a 2023-01-24...
12:14:00 [INFO] [161/344] Bloque 2023-01-25 a 2023-01-31...
12:14:12 [INFO] [162/344] Bloque 2023-02-01 a 2023-02-07...
12:14:23 [INFO] [163/344] Bloque 2023-02-08 a 2023-02-14...
12:14:32 [INFO] [164/344] Bloque 2023-02-15 a 2023-02-21...
12:14:42 [INFO] [165/344] Bloque 2023-02-22 a 2023-02-28...
12:14:52 [INFO] [166/344] Bloque 2023-03-01 a 2023-03-07...
12:15:06 [INFO] [167/344] Bloque 2023-03-08 a 2023-03-14...
12:15:54 [INFO] [168/344] Bloque 2023-03-15 a 2023-03-21...
12:16:17 [INFO] [169/344] Bloque 2023-03-22 a 2023-03-28...
12:16:39 [INFO] [170/344] Bloque 2023-03-29 a 2023-04-04...
12:16:58 [INFO] [171/344] Bloque 2023-04-05 a 2023-04-11...
12:17:22 [INFO] [172/344] Bloque 2023-04-12 a 2023-04-18...
12:17:35 [INFO] [173/344] Bloque 2023-04-19 a 2023-04-25...
12:17:50 [INFO] [174/344] Bloque 2023-04-26 a 2023-05-02...
12:18:06 [INFO] [175/344] Bloque 2023-05-03 a 2023-05-09...
12:18:20 [INFO] [176/344] Bloque 2023-05-10 a 2023-05-16...
12:18:33 [INFO] [177/344] Bloque 2023-05-17 a 2023-05-23...
12:18:44 [INFO] [178/344] Bloque 2023-05-24 a 2023-05-30...
12:18:54 [INFO] [179/344] Bloque 2023-05-31 a 2023-06-06...
12:19:06 [INFO] [180/344] Bloque 2023-06-07 a 2023-06-13...
12:19:17 [INFO] [181/344] Bloque 2023-06-14 a 2023-06-20...
12:19:27 [INFO] [182/344] Bloque 2023-06-21 a 2023-06-27...
12:19:38 [INFO] [183/344] Bloque 2023-06-28 a 2023-07-04...
12:19:48 [INFO] [184/344] Bloque 2023-07-05 a 2023-07-11...
12:19:58 [INFO] [185/344] Bloque 2023-07-12 a 2023-07-18...
12:20:17 [INFO] [186/344] Bloque 2023-07-19 a 2023-07-25...
12:20:30 [INFO] [187/344] Bloque 2023-07-26 a 2023-08-01...
12:20:41 [INFO] [188/344] Bloque 2023-08-02 a 2023-08-08...
12:20:54 [INFO] [189/344] Bloque 2023-08-09 a 2023-08-15...
12:21:07 [INFO] [190/344] Bloque 2023-08-16 a 2023-08-22...
12:21:19 [INFO] [191/344] Bloque 2023-08-23 a 2023-08-29...
12:21:32 [INFO] [192/344] Bloque 2023-08-30 a 2023-09-05...
12:21:43 [INFO] [193/344] Bloque 2023-09-06 a 2023-09-12...
12:21:54 [INFO] [194/344] Bloque 2023-09-13 a 2023-09-19...
12:22:07 [INFO] [195/344] Bloque 2023-09-20 a 2023-09-26...
12:22:20 [INFO] [196/344] Bloque 2023-09-27 a 2023-10-03...
12:22:30 [INFO] [197/344] Bloque 2023-10-04 a 2023-10-10...
12:22:40 [INFO] [198/344] Bloque 2023-10-11 a 2023-10-17...
12:22:51 [INFO] [199/344] Bloque 2023-10-18 a 2023-10-24...
12:23:00 [INFO] [200/344] Bloque 2023-10-25 a 2023-10-31...
12:23:11 [INFO] [201/344] Bloque 2023-11-01 a 2023-11-07...
12:23:21 [INFO] [202/344] Bloque 2023-11-08 a 2023-11-14...
12:23:31 [INFO] [203/344] Bloque 2023-11-15 a 2023-11-21...
12:23:42 [INFO] [204/344] Bloque 2023-11-22 a 2023-11-28...
12:23:52 [INFO] [205/344] Bloque 2023-11-29 a 2023-12-05...
12:24:02 [INFO] [206/344] Bloque 2023-12-06 a 2023-12-12...
12:24:13 [INFO] [207/344] Bloque 2023-12-13 a 2023-12-19...
12:24:23 [INFO] [208/344] Bloque 2023-12-20 a 2023-12-26...
12:24:34 [INFO] [209/344] Bloque 2023-12-27 a 2024-01-02...
12:24:45 [INFO] [210/344] Bloque 2024-01-03 a 2024-01-09...
12:24:55 [INFO] [211/344] Bloque 2024-01-10 a 2024-01-16...
12:25:07 [INFO] [212/344] Bloque 2024-01-17 a 2024-01-23...
12:25:20 [INFO] [213/344] Bloque 2024-01-24 a 2024-01-30...
12:25:32 [INFO] [214/344] Bloque 2024-01-31 a 2024-02-06...
12:25:49 [INFO] [215/344] Bloque 2024-02-07 a 2024-02-13...
12:25:59 [INFO] [216/344] Bloque 2024-02-14 a 2024-02-20...
12:26:10 [INFO] [217/344] Bloque 2024-02-21 a 2024-02-27...
12:26:20 [INFO] [218/344] Bloque 2024-02-28 a 2024-03-05...
12:26:30 [INFO] [219/344] Bloque 2024-03-06 a 2024-03-12...
12:26:41 [INFO] [220/344] Bloque 2024-03-13 a 2024-03-19...
12:26:51 [INFO] [221/344] Bloque 2024-03-20 a 2024-03-26...
12:27:02 [INFO] [222/344] Bloque 2024-03-27 a 2024-04-02...
12:27:12 [INFO] [223/344] Bloque 2024-04-03 a 2024-04-09...
12:27:22 [INFO] [224/344] Bloque 2024-04-10 a 2024-04-16...
12:27:32 [INFO] [225/344] Bloque 2024-04-17 a 2024-04-23...
12:27:42 [INFO] [226/344] Bloque 2024-04-24 a 2024-04-30...
12:27:53 [INFO] [227/344] Bloque 2024-05-01 a 2024-05-07...
12:28:04 [INFO] [228/344] Bloque 2024-05-08 a 2024-05-14...
12:28:15 [INFO] [229/344] Bloque 2024-05-15 a 2024-05-21...
12:28:25 [INFO] [230/344] Bloque 2024-05-22 a 2024-05-28...
12:28:35 [INFO] [231/344] Bloque 2024-05-29 a 2024-06-04...
12:28:44 [INFO] [232/344] Bloque 2024-06-05 a 2024-06-11...
12:28:55 [INFO] [233/344] Bloque 2024-06-12 a 2024-06-18...
12:29:05 [INFO] [234/344] Bloque 2024-06-19 a 2024-06-25...
12:29:15 [INFO] [235/344] Bloque 2024-06-26 a 2024-07-02...
12:29:25 [INFO] [236/344] Bloque 2024-07-03 a 2024-07-09...
12:29:35 [INFO] [237/344] Bloque 2024-07-10 a 2024-07-16...
12:29:46 [INFO] [238/344] Bloque 2024-07-17 a 2024-07-23...
12:29:55 [INFO] [239/344] Bloque 2024-07-24 a 2024-07-30...
12:30:17 [INFO] [240/344] Bloque 2024-07-31 a 2024-08-06...
12:30:48 [INFO] [241/344] Bloque 2024-08-07 a 2024-08-13...
12:31:06 [INFO] [242/344] Bloque 2024-08-14 a 2024-08-20...
12:31:26 [INFO] [243/344] Bloque 2024-08-21 a 2024-08-27...
12:31:47 [INFO] [244/344] Bloque 2024-08-28 a 2024-09-03...
12:32:05 [INFO] [245/344] Bloque 2024-09-04 a 2024-09-10...
12:32:22 [INFO] [246/344] Bloque 2024-09-11 a 2024-09-17...
12:32:42 [INFO] [247/344] Bloque 2024-09-18 a 2024-09-24...
12:32:59 [INFO] [248/344] Bloque 2024-09-25 a 2024-10-01...
12:33:15 [INFO] [249/344] Bloque 2024-10-02 a 2024-10-08...
12:33:29 [INFO] [250/344] Bloque 2024-10-09 a 2024-10-15...
12:33:41 [INFO] [251/344] Bloque 2024-10-16 a 2024-10-22...
12:33:53 [INFO] [252/344] Bloque 2024-10-23 a 2024-10-29...
12:34:04 [INFO] [253/344] Bloque 2024-10-30 a 2024-11-05...
12:34:18 [INFO] [254/344] Bloque 2024-11-06 a 2024-11-12...
12:34:29 [INFO] [255/344] Bloque 2024-11-13 a 2024-11-19...
12:34:40 [INFO] [256/344] Bloque 2024-11-20 a 2024-11-26...
12:34:52 [INFO] [257/344] Bloque 2024-11-27 a 2024-12-03...
12:35:04 [INFO] [258/344] Bloque 2024-12-04 a 2024-12-10...
12:35:16 [INFO] [259/344] Bloque 2024-12-11 a 2024-12-17...
12:35:28 [INFO] [260/344] Bloque 2024-12-18 a 2024-12-24...
12:35:38 [INFO] [261/344] Bloque 2024-12-25 a 2024-12-31...
12:35:49 [INFO] [262/344] Bloque 2025-01-01 a 2025-01-07...
12:36:00 [INFO] [263/344] Bloque 2025-01-08 a 2025-01-14...
12:36:12 [INFO] [264/344] Bloque 2025-01-15 a 2025-01-21...
12:36:23 [INFO] [265/344] Bloque 2025-01-22 a 2025-01-28...
12:36:33 [INFO] [266/344] Bloque 2025-01-29 a 2025-02-04...
12:36:43 [INFO] [267/344] Bloque 2025-02-05 a 2025-02-11...
12:36:52 [INFO] [268/344] Bloque 2025-02-12 a 2025-02-18...
12:37:03 [INFO] [269/344] Bloque 2025-02-19 a 2025-02-25...
12:37:15 [INFO] [270/344] Bloque 2025-02-26 a 2025-03-04...
12:37:25 [INFO] [271/344] Bloque 2025-03-05 a 2025-03-11...
12:37:34 [INFO] [272/344] Bloque 2025-03-12 a 2025-03-18...
12:37:44 [INFO] [273/344] Bloque 2025-03-19 a 2025-03-25...
12:37:54 [INFO] [274/344] Bloque 2025-03-26 a 2025-04-01...
12:38:04 [INFO] [275/344] Bloque 2025-04-02 a 2025-04-08...
12:38:14 [INFO] [276/344] Bloque 2025-04-09 a 2025-04-15...
12:38:24 [INFO] [277/344] Bloque 2025-04-16 a 2025-04-22...
12:38:33 [INFO] [278/344] Bloque 2025-04-23 a 2025-04-29...
12:38:42 [INFO] [279/344] Bloque 2025-04-30 a 2025-05-06...
12:38:53 [INFO] [280/344] Bloque 2025-05-07 a 2025-05-13...
12:39:03 [INFO] [281/344] Bloque 2025-05-14 a 2025-05-20...
12:39:13 [INFO] [282/344] Bloque 2025-05-21 a 2025-05-27...
12:39:23 [INFO] [283/344] Bloque 2025-05-28 a 2025-06-03...
12:39:33 [INFO] [284/344] Bloque 2025-06-04 a 2025-06-10...
12:39:43 [INFO] [285/344] Bloque 2025-06-11 a 2025-06-17...
12:39:53 [INFO] [286/344] Bloque 2025-06-18 a 2025-06-24...
12:40:03 [INFO] [287/344] Bloque 2025-06-25 a 2025-07-01...
12:40:16 [INFO] [288/344] Bloque 2025-07-02 a 2025-07-08...
12:40:27 [INFO] [289/344] Bloque 2025-07-09 a 2025-07-15...
12:40:38 [INFO] [290/344] Bloque 2025-07-16 a 2025-07-22...
12:40:47 [INFO] [291/344] Bloque 2025-07-23 a 2025-07-29...
12:40:57 [INFO] [292/344] Bloque 2025-07-30 a 2025-08-05...
12:41:07 [INFO] [293/344] Bloque 2025-08-06 a 2025-08-12...
12:41:17 [INFO] [294/344] Bloque 2025-08-13 a 2025-08-19...
12:41:26 [INFO] [295/344] Bloque 2025-08-20 a 2025-08-26...
12:41:36 [INFO] [296/344] Bloque 2025-08-27 a 2025-09-02...
12:41:45 [INFO] [297/344] Bloque 2025-09-03 a 2025-09-09...
12:41:55 [INFO] [298/344] Bloque 2025-09-10 a 2025-09-16...
12:42:06 [INFO] [299/344] Bloque 2025-09-17 a 2025-09-23...
12:42:16 [INFO] [300/344] Bloque 2025-09-24 a 2025-09-30...
12:42:26 [INFO] [301/344] Bloque 2025-10-01 a 2025-10-07...
12:42:36 [INFO] [302/344] Bloque 2025-10-08 a 2025-10-14...
12:42:47 [INFO] [303/344] Bloque 2025-10-15 a 2025-10-21...
12:42:58 [INFO] [304/344] Bloque 2025-10-22 a 2025-10-28...
12:43:10 [INFO] [305/344] Bloque 2025-10-29 a 2025-11-04...
12:43:22 [INFO] [306/344] Bloque 2025-11-05 a 2025-11-11...
12:43:33 [INFO] [307/344] Bloque 2025-11-12 a 2025-11-18...
12:43:45 [INFO] [308/344] Bloque 2025-11-19 a 2025-11-25...
12:43:56 [INFO] [309/344] Bloque 2025-11-26 a 2025-12-02...
12:44:09 [INFO] [310/344] Bloque 2025-12-03 a 2025-12-09...
12:44:19 [INFO] [311/344] Bloque 2025-12-10 a 2025-12-16...
12:44:30 [INFO] [312/344] Bloque 2025-12-17 a 2025-12-23...
12:44:42 [INFO] [313/344] Bloque 2025-12-24 a 2025-12-30...
12:44:53 [INFO] [314/344] Bloque 2025-12-31 a 2026-01-06...
12:45:27 [INFO] [315/344] Bloque 2026-01-07 a 2026-01-13...
12:45:55 [INFO] [316/344] Bloque 2026-01-14 a 2026-01-20...
12:46:19 [INFO] [317/344] Bloque 2026-01-21 a 2026-01-27...
12:46:38 [INFO] [318/344] Bloque 2026-01-28 a 2026-02-03...
12:46:56 [INFO] [319/344] Bloque 2026-02-04 a 2026-02-10...
12:47:12 [INFO] [320/344] Bloque 2026-02-11 a 2026-02-17...
12:47:31 [INFO] [321/344] Bloque 2026-02-18 a 2026-02-24...
12:47:48 [INFO] [322/344] Bloque 2026-02-25 a 2026-03-03...
12:48:03 [INFO] [323/344] Bloque 2026-03-04 a 2026-03-10...
12:48:19 [INFO] [324/344] Bloque 2026-03-11 a 2026-03-17...
12:48:33 [INFO] [325/344] Bloque 2026-03-18 a 2026-03-24...
12:48:47 [INFO] [326/344] Bloque 2026-03-25 a 2026-03-31...
12:48:59 [INFO] [327/344] Bloque 2026-04-01 a 2026-04-07...
12:49:12 [INFO] [328/344] Bloque 2026-04-08 a 2026-04-14...
12:49:25 [INFO] [329/344] Bloque 2026-04-15 a 2026-04-21...
12:49:38 [INFO] [330/344] Bloque 2026-04-22 a 2026-04-28...
12:49:50 [INFO] [331/344] Bloque 2026-04-29 a 2026-05-05...
12:50:01 [INFO] [332/344] Bloque 2026-05-06 a 2026-05-12...
12:50:16 [INFO] [333/344] Bloque 2026-05-13 a 2026-05-19...
12:50:32 [INFO] [334/344] Bloque 2026-05-20 a 2026-05-26...
12:50:45 [INFO] [335/344] Bloque 2026-05-27 a 2026-06-02...
12:51:02 [INFO] [336/344] Bloque 2026-06-03 a 2026-06-09...
12:51:18 [INFO] [337/344] Bloque 2026-06-10 a 2026-06-16...
12:51:34 [INFO] [338/344] Bloque 2026-06-17 a 2026-06-23...
12:51:48 [INFO] [339/344] Bloque 2026-06-24 a 2026-06-30...
12:52:02 [INFO] [340/344] Bloque 2026-07-01 a 2026-07-07...
12:52:16 [INFO] [341/344] Bloque 2026-07-08 a 2026-07-14...
12:52:28 [INFO] [342/344] Bloque 2026-07-15 a 2026-07-21...
12:52:39 [INFO] [343/344] Bloque 2026-07-22 a 2026-07-28...
12:52:49 [INFO] [344/344] Bloque 2026-07-29 a 2026-08-01...
12:52:57 [INFO] 
============================================================
12:52:57 [INFO] RESUMEN DE CELDAS CORREGIDAS POR COLUMNA
12:52:57 [INFO] ============================================================
12:52:57 [INFO]   battery_storage_gen_mw      : 6623 celdas corregidas
12:52:57 [INFO]   battery_storage_cons_mw     : 6623 celdas corregidas
12:52:57 [INFO]   renewable_generation_mw     : 1255 celdas corregidas
12:52:57 [INFO]   pumping_generation_mw       : 1249 celdas corregidas
12:52:57 [INFO]   pumping_consumption_mw      : 250 celdas corregidas
12:52:57 [INFO]   actual_load_mw              : 24 celdas corregidas
12:52:57 [INFO]   wind_mw                     : 24 celdas corregidas
12:52:57 [INFO]   ccgt_mw                     : 24 celdas corregidas
12:52:57 [INFO]   hydro_mw                    : 24 celdas corregidas
12:52:57 [INFO]   thermal_generation_mw       : 24 celdas corregidas
12:52:57 [INFO]   residual_demand_mw          : 24 celdas corregidas
12:52:57 [INFO]   net_load_mw                 : 24 celdas corregidas
12:52:57 [INFO]   net_flow_fr_mw              : 24 celdas corregidas
12:52:57 [INFO]   flow_es_pt_mw               : 24 celdas corregidas
12:52:57 [INFO]   net_flow_pt_mw              : 24 celdas corregidas
12:52:57 [INFO]   net_flow_total_mw           : 24 celdas corregidas
12:52:57 [INFO]   biomass_mw                  : 22 celdas corregidas
12:52:57 [INFO]   solar_mw                    : 22 celdas corregidas
12:52:57 [INFO]   nuclear_mw                  : 19 celdas corregidas
12:52:57 [INFO]   flow_fr_es_mw               : 14 celdas corregidas
12:52:57 [INFO]   waste_mw                    : 14 celdas corregidas
12:52:57 [INFO]   flow_es_fr_mw               : 13 celdas corregidas
12:52:57 [INFO]   other_generation_mw         : 8 celdas corregidas
12:52:57 [INFO]   cogeneration_mw             : 5 celdas corregidas
12:52:57 [INFO]   flow_pt_es_mw               : 1 celdas corregidas
12:52:57 [INFO] 
TOTAL celdas corregidas: 16382
